--------------------------------------------------
--------- Platform Surveillance System---------Log created at : Sat Feb  7 15:42:39 2026
--------------------------------------------------

-------------SYSTEM REPORT -------------------
CPU usage : 3.2 %
--------------------------------------------------
RAM usage : 63.7 %
--------------------------------------------------

-------------- Disk Usage Report------------
--------------------------------------------------
C:\ -> 88.6 % used
D:\ -> 6.4 % used
--------------------------------------------------

-------------- Network usage report ---------------
--------------------------------------------------
Sent : 1.49 MB 
Recieved : 10.03 MB 
--------------------------------------------------
PID : 0
Name : System Idle Process
UserName : NT AUTHORITY\SYSTEM
Status : running
Start time : 1970-01-01 05:30:00
